
> project-management-app@0.1.0 build
> next build

node.exe : ΓÜá Warning: Next.js inferred your workspace root, but it may not be correct.
At line:1 char:1
+ & "C:\Program Files\nodejs/node.exe" "C:\Program Files\nodejs/node_mo ...
+ ~~~~~~~~~~~~~~~~~~~~~~~~~~~~~~~~~~~~~~~~~~~~~~~~~~~~~~~~~~~~~~~~~~~~~
    + CategoryInfo          : NotSpecified: (ΓÜá Warning: Ne...not be correct.:String) [], RemoteException
    + FullyQualifiedErrorId : NativeCommandError
 
 We detected multiple lockfiles and selected the directory of C:\Users\pavan\package-lock.json as the root directory.
 To silence this warning, set `turbopack.root` in your Next.js config, or consider removing one of the lockfiles if 
it's not needed.
   See https://nextjs.org/docs/app/api-reference/config/next-config-js/turbopack#root-directory for more information.
 Detected additional lockfiles: 
   * C:\Users\pavan\.gemini\antigravity\scratch\project-management-app\package-lock.json

Γû▓ Next.js 16.2.6 (Turbopack)
- Environments: .env.local

  Creating an optimized production build ...

> Build error occurred
Error: Turbopack build failed with 2 errors:
./.gemini/antigravity/scratch/project-management-app/src/app/(auth)/login/page.js:14:1
Module not found: Can't resolve './Auth.module.css'
  [90m12 |[0m [36mimport[0m { [33mButton[0m } [36mfrom[0m [32m'@/components/ui/Button'[0m;
  [90m13 |[0m [36mimport[0m { [33mInput[0m } [36mfrom[0m [32m'@/components/ui/Input'[0m;
[31m[1m>[0m [90m14 |[0m [36mimport[0m styles [36mfrom[0m [32m'./Auth.module.css'[0m;
  [90m   |[0m [31m[1m^^^^^^^^^^^^^^^^^^^^^^^^^^^^^^^^^^^^^^^[0m
  [90m15 |[0m
  [90m16 |[0m [36mconst[0m loginSchema = z.object({
  [90m17 |[0m   email: z.string().email([32m"Invalid email address"[0m),



Import traces:
  Client Component Browser:
    ./.gemini/antigravity/scratch/project-management-app/src/app/(auth)/login/page.js [Client Component Browser]
    ./.gemini/antigravity/scratch/project-management-app/src/app/(auth)/login/page.js [Server Component]

  Client Component SSR:
    ./.gemini/antigravity/scratch/project-management-app/src/app/(auth)/login/page.js [Client Component SSR]
    ./.gemini/antigravity/scratch/project-management-app/src/app/(auth)/login/page.js [Server Component]

https://nextjs.org/docs/messages/module-not-found


./.gemini/antigravity/scratch/project-management-app/src/app/(auth)/signup/page.js:15:1
Module not found: Can't resolve './Auth.module.css'
  [90m13 |[0m [36mimport[0m { [33mButton[0m } [36mfrom[0m [32m'@/components/ui/Button'[0m;
  [90m14 |[0m [36mimport[0m { [33mInput[0m } [36mfrom[0m [32m'@/components/ui/Input'[0m;
[31m[1m>[0m [90m15 |[0m [36mimport[0m styles [36mfrom[0m [32m'./Auth.module.css'[0m;
  [90m   |[0m [31m[1m^^^^^^^^^^^^^^^^^^^^^^^^^^^^^^^^^^^^^^^[0m
  [90m16 |[0m
  [90m17 |[0m [36mconst[0m signupSchema = z.object({
  [90m18 |[0m   name: z.string().min([35m2[0m, [32m"Name must be at least 2 characters"[0m),



Import traces:
  Client Component Browser:
    ./.gemini/antigravity/scratch/project-management-app/src/app/(auth)/signup/page.js [Client Component Browser]
    ./.gemini/antigravity/scratch/project-management-app/src/app/(auth)/signup/page.js [Server Component]

  Client Component SSR:
    ./.gemini/antigravity/scratch/project-management-app/src/app/(auth)/signup/page.js [Client Component SSR]
    ./.gemini/antigravity/scratch/project-management-app/src/app/(auth)/signup/page.js [Server Component]

https://nextjs.org/docs/messages/module-not-found


    at <unknown> (./.gemini/antigravity/scratch/project-management-app/src/app/(auth)/login/page.js:14:1)
    at <unknown> (https://nextjs.org/docs/messages/module-not-found)
    at <unknown> (./.gemini/antigravity/scratch/project-management-app/src/app/(auth)/signup/page.js:15:1)
    at <unknown> (https://nextjs.org/docs/messages/module-not-found)
